Component: ARM Compiler 5.05 update 1 (build 106) Tool: armlink [4d0efa]

==============================================================================

Section Cross References

    hello.o(i.ConfigureUART) refers to sysctl.o(i.SysCtlPeripheralEnable) for SysCtlPeripheralEnable
    hello.o(i.ConfigureUART) refers to gpio.o(i.GPIOPinConfigure) for GPIOPinConfigure
    hello.o(i.ConfigureUART) refers to gpio.o(i.GPIOPinTypeUART) for GPIOPinTypeUART
    hello.o(i.ConfigureUART) refers to uart.o(i.UARTClockSourceSet) for UARTClockSourceSet
    hello.o(i.ConfigureUART) refers to uartstdio.o(i.UARTStdioConfig) for UARTStdioConfig
    hello.o(i.SysTick_Handler) refers to gpio.o(i.GPIOIntClear) for GPIOIntClear
    hello.o(i.SysTick_Handler) refers to systick.o(i.SysTickValueGet) for SysTickValueGet
    hello.o(i.SysTick_Handler) refers to systick.o(i.SysTickPeriodSet) for SysTickPeriodSet
    hello.o(i.SysTick_Handler) refers to hello.o(.data) for .data
    hello.o(i.SysTick_Handler) refers to hello.o(.bss) for .bss
    hello.o(i.main) refers to hello.o(i.ConfigureUART) for ConfigureUART
    hello.o(i.main) refers to sysctl.o(i.SysCtlClockSet) for SysCtlClockSet
    hello.o(i.main) refers to sysctl.o(i.SysCtlPeripheralEnable) for SysCtlPeripheralEnable
    hello.o(i.main) refers to gpio.o(i.GPIOPinTypeGPIOInput) for GPIOPinTypeGPIOInput
    hello.o(i.main) refers to gpio.o(i.GPIOPinTypeGPIOOutput) for GPIOPinTypeGPIOOutput
    hello.o(i.main) refers to gpio.o(i.GPIOIntTypeSet) for GPIOIntTypeSet
    hello.o(i.main) refers to gpio.o(i.GPIOIntEnable) for GPIOIntEnable
    hello.o(i.main) refers to interrupt.o(i.IntEnable) for IntEnable
    hello.o(i.main) refers to interrupt.o(i.IntMasterEnable) for IntMasterEnable
    hello.o(i.main) refers to gpio.o(i.GPIOPinWrite) for GPIOPinWrite
    hello.o(i.main) refers to systick.o(i.SysTickPeriodSet) for SysTickPeriodSet
    hello.o(i.main) refers to systick.o(i.SysTickEnable) for SysTickEnable
    hello.o(i.main) refers to gpio.o(i.GPIOIntClear) for GPIOIntClear
    hello.o(i.main) refers to gpio.o(i.GPIOIntDisable) for GPIOIntDisable
    hello.o(i.main) refers to uartstdio.o(i.UARTprintf) for UARTprintf
    hello.o(i.main) refers to hello.o(.data) for .data
    hello.o(i.main) refers to hello.o(.bss) for .bss
    startup_rvmdk.o(RESET) refers to startup_rvmdk.o(STACK) for StackMem
    startup_rvmdk.o(RESET) refers to hello.o(i.SysTick_Handler) for SysTick_Handler
    startup_rvmdk.o(RESET) refers to entry.o(.ARM.Collect$$$$00000000) for __main
    uartstdio.o(i.UARTStdioConfig) refers to sysctl.o(i.SysCtlPeripheralPresent) for SysCtlPeripheralPresent
    uartstdio.o(i.UARTStdioConfig) refers to sysctl.o(i.SysCtlPeripheralEnable) for SysCtlPeripheralEnable
    uartstdio.o(i.UARTStdioConfig) refers to uart.o(i.UARTConfigSetExpClk) for UARTConfigSetExpClk
    uartstdio.o(i.UARTStdioConfig) refers to uart.o(i.UARTEnable) for UARTEnable
    uartstdio.o(i.UARTStdioConfig) refers to uartstdio.o(.constdata) for .constdata
    uartstdio.o(i.UARTStdioConfig) refers to uartstdio.o(.data) for .data
    uartstdio.o(i.UARTgetc) refers to uart.o(i.UARTCharGet) for UARTCharGet
    uartstdio.o(i.UARTgetc) refers to uartstdio.o(.data) for .data
    uartstdio.o(i.UARTgets) refers to uart.o(i.UARTCharGet) for UARTCharGet
    uartstdio.o(i.UARTgets) refers to uart.o(i.UARTCharPut) for UARTCharPut
    uartstdio.o(i.UARTgets) refers to uartstdio.o(i.UARTwrite) for UARTwrite
    uartstdio.o(i.UARTgets) refers to uartstdio.o(.data) for .data
    uartstdio.o(i.UARTprintf) refers to uartstdio.o(i.UARTvprintf) for UARTvprintf
    uartstdio.o(i.UARTvprintf) refers to uartstdio.o(i.UARTwrite) for UARTwrite
    uartstdio.o(i.UARTvprintf) refers to uartstdio.o(.constdata) for .constdata
    uartstdio.o(i.UARTwrite) refers to uart.o(i.UARTCharPut) for UARTCharPut
    uartstdio.o(i.UARTwrite) refers to uartstdio.o(.data) for .data
    uartstdio.o(.constdata) refers to uartstdio.o(.conststring) for .conststring
    gpio.o(i.GPIOIntRegister) refers to interrupt.o(i.IntRegister) for IntRegister
    gpio.o(i.GPIOIntRegister) refers to interrupt.o(i.IntEnable) for IntEnable
    gpio.o(i.GPIOIntRegister) refers to gpio.o(.constdata) for .constdata
    gpio.o(i.GPIOIntUnregister) refers to interrupt.o(i.IntDisable) for IntDisable
    gpio.o(i.GPIOIntUnregister) refers to interrupt.o(i.IntUnregister) for IntUnregister
    gpio.o(i.GPIOIntUnregister) refers to gpio.o(.constdata) for .constdata
    gpio.o(i.GPIOPinConfigure) refers to gpio.o(.constdata) for .constdata
    gpio.o(i.GPIOPinTypeADC) refers to gpio.o(i.GPIODirModeSet) for GPIODirModeSet
    gpio.o(i.GPIOPinTypeADC) refers to gpio.o(i.GPIOPadConfigSet) for GPIOPadConfigSet
    gpio.o(i.GPIOPinTypeCAN) refers to gpio.o(i.GPIODirModeSet) for GPIODirModeSet
    gpio.o(i.GPIOPinTypeCAN) refers to gpio.o(i.GPIOPadConfigSet) for GPIOPadConfigSet
    gpio.o(i.GPIOPinTypeComparator) refers to gpio.o(i.GPIODirModeSet) for GPIODirModeSet
    gpio.o(i.GPIOPinTypeComparator) refers to gpio.o(i.GPIOPadConfigSet) for GPIOPadConfigSet
    gpio.o(i.GPIOPinTypeEPI) refers to gpio.o(i.GPIODirModeSet) for GPIODirModeSet
    gpio.o(i.GPIOPinTypeEPI) refers to gpio.o(i.GPIOPadConfigSet) for GPIOPadConfigSet
    gpio.o(i.GPIOPinTypeEthernetLED) refers to gpio.o(i.GPIODirModeSet) for GPIODirModeSet
    gpio.o(i.GPIOPinTypeEthernetLED) refers to gpio.o(i.GPIOPadConfigSet) for GPIOPadConfigSet
    gpio.o(i.GPIOPinTypeEthernetMII) refers to gpio.o(i.GPIODirModeSet) for GPIODirModeSet
    gpio.o(i.GPIOPinTypeEthernetMII) refers to gpio.o(i.GPIOPadConfigSet) for GPIOPadConfigSet
    gpio.o(i.GPIOPinTypeFan) refers to gpio.o(i.GPIODirModeSet) for GPIODirModeSet
    gpio.o(i.GPIOPinTypeFan) refers to gpio.o(i.GPIOPadConfigSet) for GPIOPadConfigSet
    gpio.o(i.GPIOPinTypeGPIOInput) refers to gpio.o(i.GPIODirModeSet) for GPIODirModeSet
    gpio.o(i.GPIOPinTypeGPIOInput) refers to gpio.o(i.GPIOPadConfigSet) for GPIOPadConfigSet
    gpio.o(i.GPIOPinTypeGPIOOutput) refers to gpio.o(i.GPIOPadConfigSet) for GPIOPadConfigSet
    gpio.o(i.GPIOPinTypeGPIOOutput) refers to gpio.o(i.GPIODirModeSet) for GPIODirModeSet
    gpio.o(i.GPIOPinTypeGPIOOutputOD) refers to gpio.o(i.GPIOPadConfigSet) for GPIOPadConfigSet
    gpio.o(i.GPIOPinTypeGPIOOutputOD) refers to gpio.o(i.GPIODirModeSet) for GPIODirModeSet
    gpio.o(i.GPIOPinTypeI2C) refers to gpio.o(i.GPIODirModeSet) for GPIODirModeSet
    gpio.o(i.GPIOPinTypeI2C) refers to gpio.o(i.GPIOPadConfigSet) for GPIOPadConfigSet
    gpio.o(i.GPIOPinTypeI2CSCL) refers to gpio.o(i.GPIODirModeSet) for GPIODirModeSet
    gpio.o(i.GPIOPinTypeI2CSCL) refers to gpio.o(i.GPIOPadConfigSet) for GPIOPadConfigSet
    gpio.o(i.GPIOPinTypeLPC) refers to gpio.o(i.GPIODirModeSet) for GPIODirModeSet
    gpio.o(i.GPIOPinTypeLPC) refers to gpio.o(i.GPIOPadConfigSet) for GPIOPadConfigSet
    gpio.o(i.GPIOPinTypePECIRx) refers to gpio.o(i.GPIODirModeSet) for GPIODirModeSet
    gpio.o(i.GPIOPinTypePECIRx) refers to gpio.o(i.GPIOPadConfigSet) for GPIOPadConfigSet
    gpio.o(i.GPIOPinTypePECITx) refers to gpio.o(i.GPIODirModeSet) for GPIODirModeSet
    gpio.o(i.GPIOPinTypePECITx) refers to gpio.o(i.GPIOPadConfigSet) for GPIOPadConfigSet
    gpio.o(i.GPIOPinTypePWM) refers to gpio.o(i.GPIODirModeSet) for GPIODirModeSet
    gpio.o(i.GPIOPinTypePWM) refers to gpio.o(i.GPIOPadConfigSet) for GPIOPadConfigSet
    gpio.o(i.GPIOPinTypeQEI) refers to gpio.o(i.GPIODirModeSet) for GPIODirModeSet
    gpio.o(i.GPIOPinTypeQEI) refers to gpio.o(i.GPIOPadConfigSet) for GPIOPadConfigSet
    gpio.o(i.GPIOPinTypeSSI) refers to gpio.o(i.GPIODirModeSet) for GPIODirModeSet
    gpio.o(i.GPIOPinTypeSSI) refers to gpio.o(i.GPIOPadConfigSet) for GPIOPadConfigSet
    gpio.o(i.GPIOPinTypeTimer) refers to gpio.o(i.GPIODirModeSet) for GPIODirModeSet
    gpio.o(i.GPIOPinTypeTimer) refers to gpio.o(i.GPIOPadConfigSet) for GPIOPadConfigSet
    gpio.o(i.GPIOPinTypeUART) refers to gpio.o(i.GPIODirModeSet) for GPIODirModeSet
    gpio.o(i.GPIOPinTypeUART) refers to gpio.o(i.GPIOPadConfigSet) for GPIOPadConfigSet
    gpio.o(i.GPIOPinTypeUSBAnalog) refers to gpio.o(i.GPIODirModeSet) for GPIODirModeSet
    gpio.o(i.GPIOPinTypeUSBAnalog) refers to gpio.o(i.GPIOPadConfigSet) for GPIOPadConfigSet
    gpio.o(i.GPIOPinTypeUSBDigital) refers to gpio.o(i.GPIODirModeSet) for GPIODirModeSet
    gpio.o(i.GPIOPinTypeUSBDigital) refers to gpio.o(i.GPIOPadConfigSet) for GPIOPadConfigSet
    interrupt.o(i.IntDisable) refers to interrupt.o(.constdata) for .constdata
    interrupt.o(i.IntEnable) refers to interrupt.o(.constdata) for .constdata
    interrupt.o(i.IntIsEnabled) refers to interrupt.o(.constdata) for .constdata
    interrupt.o(i.IntMasterDisable) refers to cpu.o(.emb_text) for CPUcpsid
    interrupt.o(i.IntMasterEnable) refers to cpu.o(.emb_text) for CPUcpsie
    interrupt.o(i.IntPendClear) refers to interrupt.o(.constdata) for .constdata
    interrupt.o(i.IntPendSet) refers to interrupt.o(.constdata) for .constdata
    interrupt.o(i.IntPriorityGet) refers to interrupt.o(.constdata) for .constdata
    interrupt.o(i.IntPriorityGroupingGet) refers to interrupt.o(.constdata) for .constdata
    interrupt.o(i.IntPriorityGroupingSet) refers to interrupt.o(.constdata) for .constdata
    interrupt.o(i.IntPriorityMaskGet) refers to cpu.o(.emb_text) for CPUbasepriGet
    interrupt.o(i.IntPriorityMaskSet) refers to cpu.o(.emb_text) for CPUbasepriSet
    interrupt.o(i.IntPrioritySet) refers to interrupt.o(.constdata) for .constdata
    interrupt.o(i.IntRegister) refers to interrupt.o(vtable) for vtable
    interrupt.o(i.IntUnregister) refers to interrupt.o(i._IntDefaultHandler) for _IntDefaultHandler
    interrupt.o(i.IntUnregister) refers to interrupt.o(vtable) for vtable
    sysctl.o(i.SysCtlClockGet) refers to sysctl.o(.constdata) for .constdata
    sysctl.o(i.SysCtlClockSet) refers to sysctl.o(.emb_text) for SysCtlDelay
    sysctl.o(i.SysCtlDeepSleep) refers to cpu.o(.emb_text) for CPUwfi
    sysctl.o(i.SysCtlIntRegister) refers to interrupt.o(i.IntRegister) for IntRegister
    sysctl.o(i.SysCtlIntRegister) refers to interrupt.o(i.IntEnable) for IntEnable
    sysctl.o(i.SysCtlIntUnregister) refers to interrupt.o(i.IntDisable) for IntDisable
    sysctl.o(i.SysCtlIntUnregister) refers to interrupt.o(i.IntUnregister) for IntUnregister
    sysctl.o(i.SysCtlSleep) refers to cpu.o(.emb_text) for CPUwfi
    systick.o(i.SysTickIntRegister) refers to interrupt.o(i.IntRegister) for IntRegister
    systick.o(i.SysTickIntUnregister) refers to interrupt.o(i.IntUnregister) for IntUnregister
    uart.o(i.UARTIntRegister) refers to interrupt.o(i.IntRegister) for IntRegister
    uart.o(i.UARTIntRegister) refers to interrupt.o(i.IntEnable) for IntEnable
    uart.o(i.UARTIntRegister) refers to uart.o(.constdata) for .constdata
    uart.o(i.UARTIntUnregister) refers to interrupt.o(i.IntDisable) for IntDisable
    uart.o(i.UARTIntUnregister) refers to interrupt.o(i.IntUnregister) for IntUnregister
    uart.o(i.UARTIntUnregister) refers to uart.o(.constdata) for .constdata
    entry.o(.ARM.Collect$$$$00000000) refers (Special) to entry10a.o(.ARM.Collect$$$$0000000D) for __rt_final_cpp
    entry.o(.ARM.Collect$$$$00000000) refers (Special) to entry11a.o(.ARM.Collect$$$$0000000F) for __rt_final_exit
    entry.o(.ARM.Collect$$$$00000000) refers (Special) to entry7b.o(.ARM.Collect$$$$00000008) for _main_clock
    entry.o(.ARM.Collect$$$$00000000) refers (Special) to entry8b.o(.ARM.Collect$$$$0000000A) for _main_cpp_init
    entry.o(.ARM.Collect$$$$00000000) refers (Special) to entry9a.o(.ARM.Collect$$$$0000000B) for _main_init
    entry.o(.ARM.Collect$$$$00000000) refers (Special) to entry5.o(.ARM.Collect$$$$00000004) for _main_scatterload
    entry.o(.ARM.Collect$$$$00000000) refers (Special) to entry2.o(.ARM.Collect$$$$00000001) for _main_stk
    entry2.o(.ARM.Collect$$$$00000001) refers to entry2.o(.ARM.Collect$$$$00002712) for __lit__00000000
    entry2.o(.ARM.Collect$$$$00002712) refers to startup_rvmdk.o(STACK) for __initial_sp
    entry2.o(__vectab_stack_and_reset_area) refers to startup_rvmdk.o(STACK) for __initial_sp
    entry2.o(__vectab_stack_and_reset_area) refers to entry.o(.ARM.Collect$$$$00000000) for __main
    entry5.o(.ARM.Collect$$$$00000004) refers to init.o(.text) for __scatterload
    entry9a.o(.ARM.Collect$$$$0000000B) refers to hello.o(i.main) for main
    entry9b.o(.ARM.Collect$$$$0000000C) refers to hello.o(i.main) for main
    init.o(.text) refers to entry5.o(.ARM.Collect$$$$00000004) for __main_after_scatterload


==============================================================================

Removing Unused input sections from the image.

    Removing startup_rvmdk.o(HEAP), (0 bytes).
    Removing startup_rvmdk.o(.text), (0 bytes).
    Removing uartstdio.o(i.UARTgetc), (20 bytes).
    Removing uartstdio.o(i.UARTgets), (120 bytes).
    Removing gpio.o(i.GPIOADCTriggerDisable), (14 bytes).
    Removing gpio.o(i.GPIOADCTriggerEnable), (14 bytes).
    Removing gpio.o(i.GPIODMATriggerDisable), (14 bytes).
    Removing gpio.o(i.GPIODMATriggerEnable), (14 bytes).
    Removing gpio.o(i.GPIODirModeGet), (34 bytes).
    Removing gpio.o(i.GPIOIntRegister), (56 bytes).
    Removing gpio.o(i.GPIOIntStatus), (14 bytes).
    Removing gpio.o(i.GPIOIntTypeGet), (68 bytes).
    Removing gpio.o(i.GPIOIntUnregister), (52 bytes).
    Removing gpio.o(i.GPIOPadConfigGet), (140 bytes).
    Removing gpio.o(i.GPIOPinRead), (6 bytes).
    Removing gpio.o(i.GPIOPinTypeADC), (28 bytes).
    Removing gpio.o(i.GPIOPinTypeCAN), (28 bytes).
    Removing gpio.o(i.GPIOPinTypeComparator), (28 bytes).
    Removing gpio.o(i.GPIOPinTypeEPI), (28 bytes).
    Removing gpio.o(i.GPIOPinTypeEthernetLED), (28 bytes).
    Removing gpio.o(i.GPIOPinTypeEthernetMII), (28 bytes).
    Removing gpio.o(i.GPIOPinTypeFan), (28 bytes).
    Removing gpio.o(i.GPIOPinTypeGPIOOutputOD), (28 bytes).
    Removing gpio.o(i.GPIOPinTypeI2C), (28 bytes).
    Removing gpio.o(i.GPIOPinTypeI2CSCL), (28 bytes).
    Removing gpio.o(i.GPIOPinTypeLPC), (28 bytes).
    Removing gpio.o(i.GPIOPinTypePECIRx), (28 bytes).
    Removing gpio.o(i.GPIOPinTypePECITx), (28 bytes).
    Removing gpio.o(i.GPIOPinTypePWM), (28 bytes).
    Removing gpio.o(i.GPIOPinTypeQEI), (28 bytes).
    Removing gpio.o(i.GPIOPinTypeSSI), (28 bytes).
    Removing gpio.o(i.GPIOPinTypeTimer), (28 bytes).
    Removing gpio.o(i.GPIOPinTypeUSBAnalog), (28 bytes).
    Removing gpio.o(i.GPIOPinTypeUSBDigital), (28 bytes).
    Removing interrupt.o(i.IntDisable), (100 bytes).
    Removing interrupt.o(i.IntIsEnabled), (96 bytes).
    Removing interrupt.o(i.IntMasterDisable), (14 bytes).
    Removing interrupt.o(i.IntPendClear), (68 bytes).
    Removing interrupt.o(i.IntPendSet), (84 bytes).
    Removing interrupt.o(i.IntPriorityGet), (28 bytes).
    Removing interrupt.o(i.IntPriorityGroupingGet), (36 bytes).
    Removing interrupt.o(i.IntPriorityGroupingSet), (28 bytes).
    Removing interrupt.o(i.IntPriorityMaskGet), (4 bytes).
    Removing interrupt.o(i.IntPriorityMaskSet), (4 bytes).
    Removing interrupt.o(i.IntPrioritySet), (40 bytes).
    Removing interrupt.o(i.IntRegister), (52 bytes).
    Removing interrupt.o(i.IntTrigger), (12 bytes).
    Removing interrupt.o(i.IntUnregister), (20 bytes).
    Removing interrupt.o(i._IntDefaultHandler), (2 bytes).
    Removing interrupt.o(vtable), (620 bytes).
    Removing sysctl.o(i.SysCtlADCSpeedGet), (16 bytes).
    Removing sysctl.o(i.SysCtlADCSpeedSet), (28 bytes).
    Removing sysctl.o(i.SysCtlClockGet), (268 bytes).
    Removing sysctl.o(i.SysCtlDeepSleep), (32 bytes).
    Removing sysctl.o(i.SysCtlDeepSleepClockSet), (12 bytes).
    Removing sysctl.o(i.SysCtlFlashSizeGet), (20 bytes).
    Removing sysctl.o(i.SysCtlGPIOAHBDisable), (28 bytes).
    Removing sysctl.o(i.SysCtlGPIOAHBEnable), (24 bytes).
    Removing sysctl.o(i.SysCtlIntClear), (12 bytes).
    Removing sysctl.o(i.SysCtlIntDisable), (16 bytes).
    Removing sysctl.o(i.SysCtlIntEnable), (16 bytes).
    Removing sysctl.o(i.SysCtlIntRegister), (20 bytes).
    Removing sysctl.o(i.SysCtlIntStatus), (16 bytes).
    Removing sysctl.o(i.SysCtlIntUnregister), (18 bytes).
    Removing sysctl.o(i.SysCtlMOSCConfigSet), (12 bytes).
    Removing sysctl.o(i.SysCtlPIOSCCalibrate), (76 bytes).
    Removing sysctl.o(i.SysCtlPWMClockGet), (24 bytes).
    Removing sysctl.o(i.SysCtlPWMClockSet), (20 bytes).
    Removing sysctl.o(i.SysCtlPeripheralClockGating), (24 bytes).
    Removing sysctl.o(i.SysCtlPeripheralDeepSleepDisable), (40 bytes).
    Removing sysctl.o(i.SysCtlPeripheralDeepSleepEnable), (40 bytes).
    Removing sysctl.o(i.SysCtlPeripheralDisable), (40 bytes).
    Removing sysctl.o(i.SysCtlPeripheralPowerOff), (40 bytes).
    Removing sysctl.o(i.SysCtlPeripheralPowerOn), (40 bytes).
    Removing sysctl.o(i.SysCtlPeripheralReady), (44 bytes).
    Removing sysctl.o(i.SysCtlPeripheralReset), (60 bytes).
    Removing sysctl.o(i.SysCtlPeripheralSleepDisable), (40 bytes).
    Removing sysctl.o(i.SysCtlPeripheralSleepEnable), (40 bytes).
    Removing sysctl.o(i.SysCtlReset), (16 bytes).
    Removing sysctl.o(i.SysCtlResetCauseClear), (16 bytes).
    Removing sysctl.o(i.SysCtlResetCauseGet), (12 bytes).
    Removing sysctl.o(i.SysCtlSRAMSizeGet), (16 bytes).
    Removing sysctl.o(i.SysCtlSleep), (4 bytes).
    Removing sysctl.o(i.SysCtlUSBPLLDisable), (16 bytes).
    Removing sysctl.o(i.SysCtlUSBPLLEnable), (16 bytes).
    Removing sysctl.o(.constdata), (108 bytes).
    Removing sysctl.o(.data), (4 bytes).
    Removing sysctl.o(.data), (4 bytes).
    Removing sysctl.o(.data), (4 bytes).
    Removing sysctl.o(.data), (4 bytes).
    Removing sysctl.o(.data), (1 bytes).
    Removing systick.o(i.SysTickDisable), (14 bytes).
    Removing systick.o(i.SysTickIntDisable), (14 bytes).
    Removing systick.o(i.SysTickIntEnable), (14 bytes).
    Removing systick.o(i.SysTickIntRegister), (24 bytes).
    Removing systick.o(i.SysTickIntUnregister), (18 bytes).
    Removing systick.o(i.SysTickPeriodGet), (10 bytes).
    Removing uart.o(i.UART9BitAddrSend), (38 bytes).
    Removing uart.o(i.UART9BitAddrSet), (10 bytes).
    Removing uart.o(i.UART9BitDisable), (14 bytes).
    Removing uart.o(i.UART9BitEnable), (14 bytes).
    Removing uart.o(i.UARTBreakCtl), (18 bytes).
    Removing uart.o(i.UARTBusy), (8 bytes).
    Removing uart.o(i.UARTCharGet), (12 bytes).
    Removing uart.o(i.UARTCharGetNonBlocking), (16 bytes).
    Removing uart.o(i.UARTCharPutNonBlocking), (16 bytes).
    Removing uart.o(i.UARTCharsAvail), (10 bytes).
    Removing uart.o(i.UARTClockSourceGet), (6 bytes).
    Removing uart.o(i.UARTConfigGetExpClk), (46 bytes).
    Removing uart.o(i.UARTDMADisable), (10 bytes).
    Removing uart.o(i.UARTDMAEnable), (8 bytes).
    Removing uart.o(i.UARTDisable), (30 bytes).
    Removing uart.o(i.UARTDisableSIR), (10 bytes).
    Removing uart.o(i.UARTEnableSIR), (18 bytes).
    Removing uart.o(i.UARTFIFODisable), (10 bytes).
    Removing uart.o(i.UARTFIFOEnable), (10 bytes).
    Removing uart.o(i.UARTFIFOLevelGet), (16 bytes).
    Removing uart.o(i.UARTFIFOLevelSet), (6 bytes).
    Removing uart.o(i.UARTFlowControlGet), (8 bytes).
    Removing uart.o(i.UARTFlowControlSet), (12 bytes).
    Removing uart.o(i.UARTIntClear), (4 bytes).
    Removing uart.o(i.UARTIntDisable), (10 bytes).
    Removing uart.o(i.UARTIntEnable), (8 bytes).
    Removing uart.o(i.UARTIntRegister), (56 bytes).
    Removing uart.o(i.UARTIntStatus), (10 bytes).
    Removing uart.o(i.UARTIntUnregister), (52 bytes).
    Removing uart.o(i.UARTModemControlClear), (14 bytes).
    Removing uart.o(i.UARTModemControlGet), (8 bytes).
    Removing uart.o(i.UARTModemControlSet), (12 bytes).
    Removing uart.o(i.UARTModemStatusGet), (10 bytes).
    Removing uart.o(i.UARTParityModeGet), (8 bytes).
    Removing uart.o(i.UARTParityModeSet), (12 bytes).
    Removing uart.o(i.UARTRxErrorClear), (6 bytes).
    Removing uart.o(i.UARTRxErrorGet), (8 bytes).
    Removing uart.o(i.UARTSmartCardDisable), (10 bytes).
    Removing uart.o(i.UARTSmartCardEnable), (22 bytes).
    Removing uart.o(i.UARTSpaceAvail), (10 bytes).
    Removing uart.o(i.UARTTxIntModeGet), (8 bytes).
    Removing uart.o(i.UARTTxIntModeSet), (12 bytes).
    Removing uart.o(.constdata), (64 bytes).

140 unused section(s) (total 4377 bytes) removed from the image.

==============================================================================

Image Symbol Table

    Local Symbols

    Symbol Name                              Value     Ov Type        Size  Object(Section)

    RESET                                    0x00000000   Section      648  startup_rvmdk.o(RESET)
    ../clib/microlib/init/entry.s            0x00000000   Number         0  entry5.o ABSOLUTE
    ../clib/microlib/init/entry.s            0x00000000   Number         0  entry2.o ABSOLUTE
    ../clib/microlib/init/entry.s            0x00000000   Number         0  entry7a.o ABSOLUTE
    ../clib/microlib/init/entry.s            0x00000000   Number         0  entry7b.o ABSOLUTE
    ../clib/microlib/init/entry.s            0x00000000   Number         0  entry8a.o ABSOLUTE
    ../clib/microlib/init/entry.s            0x00000000   Number         0  entry.o ABSOLUTE
    ../clib/microlib/init/entry.s            0x00000000   Number         0  entry8b.o ABSOLUTE
    ../clib/microlib/init/entry.s            0x00000000   Number         0  entry9a.o ABSOLUTE
    ../clib/microlib/init/entry.s            0x00000000   Number         0  entry10a.o ABSOLUTE
    ../clib/microlib/init/entry.s            0x00000000   Number         0  entry10b.o ABSOLUTE
    ../clib/microlib/init/entry.s            0x00000000   Number         0  entry11a.o ABSOLUTE
    ../clib/microlib/init/entry.s            0x00000000   Number         0  entry11b.o ABSOLUTE
    ../clib/microlib/init/entry.s            0x00000000   Number         0  entry9b.o ABSOLUTE
    C:\ti\TivaWare_C_Series-1.1\utils\uartstdio.c 0x00000000   Number         0  uartstdio.o ABSOLUTE
    cpu.c                                    0x00000000   Number         0  cpu.o ABSOLUTE
    cpu.c                                    0x00000000   Number         0  cpu.o ABSOLUTE
    dc.s                                     0x00000000   Number         0  dc.o ABSOLUTE
    gpio.c                                   0x00000000   Number         0  gpio.o ABSOLUTE
    handlers.s                               0x00000000   Number         0  handlers.o ABSOLUTE
    hello.c                                  0x00000000   Number         0  hello.o ABSOLUTE
    init.s                                   0x00000000   Number         0  init.o ABSOLUTE
    interrupt.c                              0x00000000   Number         0  interrupt.o ABSOLUTE
    startup_rvmdk.S                          0x00000000   Number         0  startup_rvmdk.o ABSOLUTE
    sysctl.c                                 0x00000000   Number         0  sysctl.o ABSOLUTE
    sysctl.c                                 0x00000000   Number         0  sysctl.o ABSOLUTE
    systick.c                                0x00000000   Number         0  systick.o ABSOLUTE
    uart.c                                   0x00000000   Number         0  uart.o ABSOLUTE
    $v0                                      0x0000026c   Number         0  startup_rvmdk.o(RESET)
    NmiSR                                    0x00000281   Thumb Code     0  startup_rvmdk.o(RESET)
    FaultISR                                 0x00000283   Thumb Code     0  startup_rvmdk.o(RESET)
    IntDefaultHandler                        0x00000285   Thumb Code     0  startup_rvmdk.o(RESET)
    .ARM.Collect$$$$00000000                 0x00000288   Section        0  entry.o(.ARM.Collect$$$$00000000)
    .ARM.Collect$$$$00000001                 0x00000288   Section        4  entry2.o(.ARM.Collect$$$$00000001)
    .ARM.Collect$$$$00000004                 0x0000028c   Section        4  entry5.o(.ARM.Collect$$$$00000004)
    .ARM.Collect$$$$00000008                 0x00000290   Section        0  entry7b.o(.ARM.Collect$$$$00000008)
    .ARM.Collect$$$$0000000A                 0x00000290   Section        0  entry8b.o(.ARM.Collect$$$$0000000A)
    .ARM.Collect$$$$0000000B                 0x00000290   Section        8  entry9a.o(.ARM.Collect$$$$0000000B)
    .ARM.Collect$$$$0000000D                 0x00000298   Section        0  entry10a.o(.ARM.Collect$$$$0000000D)
    .ARM.Collect$$$$0000000F                 0x00000298   Section        0  entry11a.o(.ARM.Collect$$$$0000000F)
    .ARM.Collect$$$$00002712                 0x00000298   Section        4  entry2.o(.ARM.Collect$$$$00002712)
    __lit__00000000                          0x00000298   Data           4  entry2.o(.ARM.Collect$$$$00002712)
    .emb_text                                0x0000029c   Section        6  sysctl.o(.emb_text)
    $v0                                      0x0000029c   Number         0  sysctl.o(.emb_text)
    .emb_text                                0x000002a4   Section       38  cpu.o(.emb_text)
    $v0                                      0x000002a4   Number         0  cpu.o(.emb_text)
    .text                                    0x000002cc   Section       36  init.o(.text)
    i.ConfigureUART                          0x000002f0   Section        0  hello.o(i.ConfigureUART)
    i.GPIODirModeSet                         0x00000340   Section        0  gpio.o(i.GPIODirModeSet)
    i.GPIOIntClear                           0x00000368   Section        0  gpio.o(i.GPIOIntClear)
    i.GPIOIntDisable                         0x0000036e   Section        0  gpio.o(i.GPIOIntDisable)
    i.GPIOIntEnable                          0x0000037c   Section        0  gpio.o(i.GPIOIntEnable)
    i.GPIOIntTypeSet                         0x0000038a   Section        0  gpio.o(i.GPIOIntTypeSet)
    i.GPIOPadConfigSet                       0x000003da   Section        0  gpio.o(i.GPIOPadConfigSet)
    i.GPIOPinConfigure                       0x0000048c   Section        0  gpio.o(i.GPIOPinConfigure)
    i.GPIOPinTypeGPIOInput                   0x000004d4   Section        0  gpio.o(i.GPIOPinTypeGPIOInput)
    i.GPIOPinTypeGPIOOutput                  0x000004f0   Section        0  gpio.o(i.GPIOPinTypeGPIOOutput)
    i.GPIOPinTypeUART                        0x0000050c   Section        0  gpio.o(i.GPIOPinTypeUART)
    i.GPIOPinWrite                           0x00000528   Section        0  gpio.o(i.GPIOPinWrite)
    i.IntEnable                              0x00000530   Section        0  interrupt.o(i.IntEnable)
    i.IntMasterEnable                        0x00000594   Section        0  interrupt.o(i.IntMasterEnable)
    i.SysCtlClockSet                         0x000005a4   Section        0  sysctl.o(i.SysCtlClockSet)
    i.SysCtlPeripheralEnable                 0x000006c0   Section        0  sysctl.o(i.SysCtlPeripheralEnable)
    i.SysCtlPeripheralPresent                0x000006e8   Section        0  sysctl.o(i.SysCtlPeripheralPresent)
    i.SysTickEnable                          0x00000714   Section        0  systick.o(i.SysTickEnable)
    i.SysTickPeriodSet                       0x00000722   Section        0  systick.o(i.SysTickPeriodSet)
    i.SysTickValueGet                        0x0000072c   Section        0  systick.o(i.SysTickValueGet)
    i.SysTick_Handler                        0x00000734   Section        0  hello.o(i.SysTick_Handler)
    i.UARTCharPut                            0x000007b0   Section        0  uart.o(i.UARTCharPut)
    i.UARTClockSourceSet                     0x000007bc   Section        0  uart.o(i.UARTClockSourceSet)
    i.UARTConfigSetExpClk                    0x000007c2   Section        0  uart.o(i.UARTConfigSetExpClk)
    i.UARTEnable                             0x00000830   Section        0  uart.o(i.UARTEnable)
    i.UARTStdioConfig                        0x00000844   Section        0  uartstdio.o(i.UARTStdioConfig)
    i.UARTprintf                             0x00000894   Section        0  uartstdio.o(i.UARTprintf)
    i.UARTvprintf                            0x000008a8   Section        0  uartstdio.o(i.UARTvprintf)
    i.UARTwrite                              0x00000a5c   Section        0  uartstdio.o(i.UARTwrite)
    i.__scatterload_copy                     0x00000a90   Section       14  handlers.o(i.__scatterload_copy)
    i.__scatterload_null                     0x00000a9e   Section        2  handlers.o(i.__scatterload_null)
    i.__scatterload_zeroinit                 0x00000aa0   Section       14  handlers.o(i.__scatterload_zeroinit)
    i.main                                   0x00000ab0   Section        0  hello.o(i.main)
    .constdata                               0x00000cbc   Section       28  uartstdio.o(.constdata)
    g_pcHex                                  0x00000cbc   Data           4  uartstdio.o(.constdata)
    g_ui32UARTBase                           0x00000cc0   Data          12  uartstdio.o(.constdata)
    g_ui32UARTPeriph                         0x00000ccc   Data          12  uartstdio.o(.constdata)
    .constdata                               0x00000cd8   Section      312  gpio.o(.constdata)
    g_ppui32GPIOIntMapBlizzard               0x00000cd8   Data         192  gpio.o(.constdata)
    g_pui32GPIOBaseAddrs                     0x00000d98   Data         120  gpio.o(.constdata)
    .constdata                               0x00000e10   Section      268  interrupt.o(.constdata)
    g_pui32Priority                          0x00000e10   Data          32  interrupt.o(.constdata)
    g_pui32Regs                              0x00000e30   Data         156  interrupt.o(.constdata)
    g_pui32EnRegs                            0x00000ecc   Data          20  interrupt.o(.constdata)
    g_pui32Dii16Regs                         0x00000ee0   Data          20  interrupt.o(.constdata)
    g_pui32PendRegs                          0x00000ef4   Data          20  interrupt.o(.constdata)
    g_pui32UnpendRegs                        0x00000f08   Data          20  interrupt.o(.constdata)
    .conststring                             0x00000f1c   Section       17  uartstdio.o(.conststring)
    .data                                    0x20000000   Section       24  hello.o(.data)
    .data                                    0x20000018   Section        8  uartstdio.o(.data)
    bLastWasCR                               0x20000018   Data           1  uartstdio.o(.data)
    g_ui32Base                               0x2000001c   Data           4  uartstdio.o(.data)
    .bss                                     0x20000020   Section      128  hello.o(.bss)
    STACK                                    0x200000a0   Section      512  startup_rvmdk.o(STACK)
    StackMem                                 0x200000a0   Data           0  startup_rvmdk.o(STACK)

    Global Symbols

    Symbol Name                              Value     Ov Type        Size  Object(Section)

    BuildAttributes$$THM_ISAv4$E$P$D$K$B$S$7EM$VFPi3$EXTD16$VFPS$VFMA$PE$A:L22UL41UL21$X:L11$S22US41US21$IEEE1$IW$USESV6$~STKCKD$USESV7$~SHL$OTIME$EBA8$MICROLIB$REQ8$PRES8$EABIv2 0x00000000   Number         0  anon$$obj.o ABSOLUTE
    __ARM_use_no_argv                        0x00000000   Number         0  hello.o ABSOLUTE
    __Vectors                                0x00000000   Data           0  startup_rvmdk.o(RESET)
    __cpp_initialize__aeabi_                  - Undefined Weak Reference
    __cxa_finalize                            - Undefined Weak Reference
    __decompress                              - Undefined Weak Reference
    _clock_init                               - Undefined Weak Reference
    _microlib_exit                            - Undefined Weak Reference
    Reset_Handler                            0x0000026d   Thumb Code     0  startup_rvmdk.o(RESET)
    __main                                   0x00000289   Thumb Code     0  entry.o(.ARM.Collect$$$$00000000)
    _main_stk                                0x00000289   Thumb Code     0  entry2.o(.ARM.Collect$$$$00000001)
    _main_scatterload                        0x0000028d   Thumb Code     0  entry5.o(.ARM.Collect$$$$00000004)
    __main_after_scatterload                 0x00000291   Thumb Code     0  entry5.o(.ARM.Collect$$$$00000004)
    _main_clock                              0x00000291   Thumb Code     0  entry7b.o(.ARM.Collect$$$$00000008)
    _main_cpp_init                           0x00000291   Thumb Code     0  entry8b.o(.ARM.Collect$$$$0000000A)
    _main_init                               0x00000291   Thumb Code     0  entry9a.o(.ARM.Collect$$$$0000000B)
    __rt_final_cpp                           0x00000299   Thumb Code     0  entry10a.o(.ARM.Collect$$$$0000000D)
    __rt_final_exit                          0x00000299   Thumb Code     0  entry11a.o(.ARM.Collect$$$$0000000F)
    SysCtlDelay                              0x0000029d   Thumb Code     6  sysctl.o(.emb_text)
    CPUcpsid                                 0x000002a5   Thumb Code     8  cpu.o(.emb_text)
    CPUprimask                               0x000002ad   Thumb Code     6  cpu.o(.emb_text)
    CPUcpsie                                 0x000002b3   Thumb Code     8  cpu.o(.emb_text)
    CPUwfi                                   0x000002bb   Thumb Code     4  cpu.o(.emb_text)
    CPUbasepriSet                            0x000002bf   Thumb Code     6  cpu.o(.emb_text)
    CPUbasepriGet                            0x000002c5   Thumb Code     6  cpu.o(.emb_text)
    __scatterload                            0x000002cd   Thumb Code    28  init.o(.text)
    __scatterload_rt2                        0x000002cd   Thumb Code     0  init.o(.text)
    ConfigureUART                            0x000002f1   Thumb Code    62  hello.o(i.ConfigureUART)
    GPIODirModeSet                           0x00000341   Thumb Code    40  gpio.o(i.GPIODirModeSet)
    GPIOIntClear                             0x00000369   Thumb Code     6  gpio.o(i.GPIOIntClear)
    GPIOIntDisable                           0x0000036f   Thumb Code    14  gpio.o(i.GPIOIntDisable)
    GPIOIntEnable                            0x0000037d   Thumb Code    14  gpio.o(i.GPIOIntEnable)
    GPIOIntTypeSet                           0x0000038b   Thumb Code    80  gpio.o(i.GPIOIntTypeSet)
    GPIOPadConfigSet                         0x000003db   Thumb Code   176  gpio.o(i.GPIOPadConfigSet)
    GPIOPinConfigure                         0x0000048d   Thumb Code    64  gpio.o(i.GPIOPinConfigure)
    GPIOPinTypeGPIOInput                     0x000004d5   Thumb Code    28  gpio.o(i.GPIOPinTypeGPIOInput)
    GPIOPinTypeGPIOOutput                    0x000004f1   Thumb Code    28  gpio.o(i.GPIOPinTypeGPIOOutput)
    GPIOPinTypeUART                          0x0000050d   Thumb Code    28  gpio.o(i.GPIOPinTypeUART)
    GPIOPinWrite                             0x00000529   Thumb Code     6  gpio.o(i.GPIOPinWrite)
    IntEnable                                0x00000531   Thumb Code    92  interrupt.o(i.IntEnable)
    IntMasterEnable                          0x00000595   Thumb Code    14  interrupt.o(i.IntMasterEnable)
    SysCtlClockSet                           0x000005a5   Thumb Code   266  sysctl.o(i.SysCtlClockSet)
    SysCtlPeripheralEnable                   0x000006c1   Thumb Code    36  sysctl.o(i.SysCtlPeripheralEnable)
    SysCtlPeripheralPresent                  0x000006e9   Thumb Code    40  sysctl.o(i.SysCtlPeripheralPresent)
    SysTickEnable                            0x00000715   Thumb Code    14  systick.o(i.SysTickEnable)
    SysTickPeriodSet                         0x00000723   Thumb Code    10  systick.o(i.SysTickPeriodSet)
    SysTickValueGet                          0x0000072d   Thumb Code     8  systick.o(i.SysTickValueGet)
    SysTick_Handler                          0x00000735   Thumb Code   106  hello.o(i.SysTick_Handler)
    UARTCharPut                              0x000007b1   Thumb Code    12  uart.o(i.UARTCharPut)
    UARTClockSourceSet                       0x000007bd   Thumb Code     6  uart.o(i.UARTClockSourceSet)
    UARTConfigSetExpClk                      0x000007c3   Thumb Code   110  uart.o(i.UARTConfigSetExpClk)
    UARTEnable                               0x00000831   Thumb Code    20  uart.o(i.UARTEnable)
    UARTStdioConfig                          0x00000845   Thumb Code    70  uartstdio.o(i.UARTStdioConfig)
    UARTprintf                               0x00000895   Thumb Code    18  uartstdio.o(i.UARTprintf)
    UARTvprintf                              0x000008a9   Thumb Code   420  uartstdio.o(i.UARTvprintf)
    UARTwrite                                0x00000a5d   Thumb Code    48  uartstdio.o(i.UARTwrite)
    __scatterload_copy                       0x00000a91   Thumb Code    14  handlers.o(i.__scatterload_copy)
    __scatterload_null                       0x00000a9f   Thumb Code     2  handlers.o(i.__scatterload_null)
    __scatterload_zeroinit                   0x00000aa1   Thumb Code    14  handlers.o(i.__scatterload_zeroinit)
    main                                     0x00000ab1   Thumb Code   376  hello.o(i.main)
    Region$$Table$$Base                      0x00000f30   Number         0  anon$$obj.o(Region$$Table)
    Region$$Table$$Limit                     0x00000f50   Number         0  anon$$obj.o(Region$$Table)
    edge1                                    0x20000000   Data           4  hello.o(.data)
    edge2                                    0x20000004   Data           4  hello.o(.data)
    counter                                  0x20000008   Data           4  hello.o(.data)
    pulse                                    0x2000000c   Data           4  hello.o(.data)
    arrayVals                                0x20000010   Data           4  hello.o(.data)
    iTick                                    0x20000014   Data           4  hello.o(.data)
    arrayValues                              0x20000020   Data         128  hello.o(.bss)
    __initial_sp                             0x200002a0   Data           0  startup_rvmdk.o(STACK)



==============================================================================

Memory Map of the image

  Image Entry point : 0x0000026d

  Load Region LR_IROM (Base: 0x00000000, Size: 0x00000f70, Max: 0x00040000, ABSOLUTE)

    Execution Region ER_IROM (Base: 0x00000000, Size: 0x00000f50, Max: 0x00040000, ABSOLUTE)

    Base Addr    Size         Type   Attr      Idx    E Section Name        Object

    0x00000000   0x00000288   Code   RO           93  * RESET               startup_rvmdk.o
    0x00000288   0x00000000   Code   RO         1164  * .ARM.Collect$$$$00000000  mc_w.l(entry.o)
    0x00000288   0x00000004   Code   RO         1167    .ARM.Collect$$$$00000001  mc_w.l(entry2.o)
    0x0000028c   0x00000004   Code   RO         1170    .ARM.Collect$$$$00000004  mc_w.l(entry5.o)
    0x00000290   0x00000000   Code   RO         1172    .ARM.Collect$$$$00000008  mc_w.l(entry7b.o)
    0x00000290   0x00000000   Code   RO         1174    .ARM.Collect$$$$0000000A  mc_w.l(entry8b.o)
    0x00000290   0x00000008   Code   RO         1175    .ARM.Collect$$$$0000000B  mc_w.l(entry9a.o)
    0x00000298   0x00000000   Code   RO         1177    .ARM.Collect$$$$0000000D  mc_w.l(entry10a.o)
    0x00000298   0x00000000   Code   RO         1179    .ARM.Collect$$$$0000000F  mc_w.l(entry11a.o)
    0x00000298   0x00000004   Code   RO         1168    .ARM.Collect$$$$00002712  mc_w.l(entry2.o)
    0x0000029c   0x00000006   Code   RO          550    .emb_text           driverlib.lib(sysctl.o)
    0x000002a2   0x00000002   PAD
    0x000002a4   0x00000026   Code   RO         1154    .emb_text           driverlib.lib(cpu.o)
    0x000002ca   0x00000002   PAD
    0x000002cc   0x00000024   Code   RO         1181    .text               mc_w.l(init.o)
    0x000002f0   0x00000050   Code   RO            1    i.ConfigureUART     hello.o
    0x00000340   0x00000028   Code   RO          155    i.GPIODirModeSet    driverlib.lib(gpio.o)
    0x00000368   0x00000006   Code   RO          156    i.GPIOIntClear      driverlib.lib(gpio.o)
    0x0000036e   0x0000000e   Code   RO          157    i.GPIOIntDisable    driverlib.lib(gpio.o)
    0x0000037c   0x0000000e   Code   RO          158    i.GPIOIntEnable     driverlib.lib(gpio.o)
    0x0000038a   0x00000050   Code   RO          162    i.GPIOIntTypeSet    driverlib.lib(gpio.o)
    0x000003da   0x000000b0   Code   RO          165    i.GPIOPadConfigSet  driverlib.lib(gpio.o)
    0x0000048a   0x00000002   PAD
    0x0000048c   0x00000048   Code   RO          166    i.GPIOPinConfigure  driverlib.lib(gpio.o)
    0x000004d4   0x0000001c   Code   RO          175    i.GPIOPinTypeGPIOInput  driverlib.lib(gpio.o)
    0x000004f0   0x0000001c   Code   RO          176    i.GPIOPinTypeGPIOOutput  driverlib.lib(gpio.o)
    0x0000050c   0x0000001c   Code   RO          187    i.GPIOPinTypeUART   driverlib.lib(gpio.o)
    0x00000528   0x00000006   Code   RO          190    i.GPIOPinWrite      driverlib.lib(gpio.o)
    0x0000052e   0x00000002   PAD
    0x00000530   0x00000064   Code   RO          435    i.IntEnable         driverlib.lib(interrupt.o)
    0x00000594   0x0000000e   Code   RO          438    i.IntMasterEnable   driverlib.lib(interrupt.o)
    0x000005a2   0x00000002   PAD
    0x000005a4   0x0000011c   Code   RO          554    i.SysCtlClockSet    driverlib.lib(sysctl.o)
    0x000006c0   0x00000028   Code   RO          574    i.SysCtlPeripheralEnable  driverlib.lib(sysctl.o)
    0x000006e8   0x0000002c   Code   RO          577    i.SysCtlPeripheralPresent  driverlib.lib(sysctl.o)
    0x00000714   0x0000000e   Code   RO          803    i.SysTickEnable     driverlib.lib(systick.o)
    0x00000722   0x0000000a   Code   RO          809    i.SysTickPeriodSet  driverlib.lib(systick.o)
    0x0000072c   0x00000008   Code   RO          810    i.SysTickValueGet   driverlib.lib(systick.o)
    0x00000734   0x0000007c   Code   RO            2    i.SysTick_Handler   hello.o
    0x000007b0   0x0000000c   Code   RO          873    i.UARTCharPut       driverlib.lib(uart.o)
    0x000007bc   0x00000006   Code   RO          877    i.UARTClockSourceSet  driverlib.lib(uart.o)
    0x000007c2   0x0000006e   Code   RO          879    i.UARTConfigSetExpClk  driverlib.lib(uart.o)
    0x00000830   0x00000014   Code   RO          884    i.UARTEnable        driverlib.lib(uart.o)
    0x00000844   0x00000050   Code   RO           98    i.UARTStdioConfig   uartstdio.o
    0x00000894   0x00000012   Code   RO          101    i.UARTprintf        uartstdio.o
    0x000008a6   0x00000002   PAD
    0x000008a8   0x000001b4   Code   RO          102    i.UARTvprintf       uartstdio.o
    0x00000a5c   0x00000034   Code   RO          103    i.UARTwrite         uartstdio.o
    0x00000a90   0x0000000e   Code   RO         1185    i.__scatterload_copy  mc_w.l(handlers.o)
    0x00000a9e   0x00000002   Code   RO         1186    i.__scatterload_null  mc_w.l(handlers.o)
    0x00000aa0   0x0000000e   Code   RO         1187    i.__scatterload_zeroinit  mc_w.l(handlers.o)
    0x00000aae   0x00000002   PAD
    0x00000ab0   0x0000020c   Code   RO            3    i.main              hello.o
    0x00000cbc   0x0000001c   Data   RO          104    .constdata          uartstdio.o
    0x00000cd8   0x00000138   Data   RO          191    .constdata          driverlib.lib(gpio.o)
    0x00000e10   0x0000010c   Data   RO          451    .constdata          driverlib.lib(interrupt.o)
    0x00000f1c   0x00000011   Data   RO          105    .conststring        uartstdio.o
    0x00000f2d   0x00000003   PAD
    0x00000f30   0x00000020   Data   RO         1183    Region$$Table       anon$$obj.o


    Execution Region RW_IRAM (Base: 0x20000000, Size: 0x000002a0, Max: 0x00008000, ABSOLUTE)

    Base Addr    Size         Type   Attr      Idx    E Section Name        Object

    0x20000000   0x00000018   Data   RW            5    .data               hello.o
    0x20000018   0x00000008   Data   RW          106    .data               uartstdio.o
    0x20000020   0x00000080   Zero   RW            4    .bss                hello.o
    0x200000a0   0x00000200   Zero   RW           91    STACK               startup_rvmdk.o


==============================================================================

Image component sizes


      Code (inc. data)   RO Data    RW Data    ZI Data      Debug   Object Name

       728        184          0         24        128       8033   hello.o
       648        622          0          0        512        276   startup_rvmdk.o
       586         30         45          8          0       4456   uartstdio.o

    ----------------------------------------------------------------------
      1964        836         80         32        640      12765   Object Totals
         0          0         32          0          0          0   (incl. Generated)
         2          0          3          0          0          0   (incl. Padding)

    ----------------------------------------------------------------------

      Code (inc. data)   RO Data    RW Data    ZI Data      Debug   Library Member Name

        38          0          0          0          0        504   cpu.o
       492          8        312          0          0       8836   gpio.o
       114          8        268          0          0       1774   interrupt.o
       374         26          0          0          0       1992   sysctl.o
        32          0          0          0          0       1237   systick.o
       148          0          0          0          0       2606   uart.o
         0          0          0          0          0          0   entry.o
         0          0          0          0          0          0   entry10a.o
         0          0          0          0          0          0   entry11a.o
         8          4          0          0          0          0   entry2.o
         4          0          0          0          0          0   entry5.o
         0          0          0          0          0          0   entry7b.o
         0          0          0          0          0          0   entry8b.o
         8          4          0          0          0          0   entry9a.o
        30          0          0          0          0          0   handlers.o
        36          8          0          0          0         68   init.o

    ----------------------------------------------------------------------
      1296         58        580          0          0      17017   Library Totals
        12          0          0          0          0          0   (incl. Padding)

    ----------------------------------------------------------------------

      Code (inc. data)   RO Data    RW Data    ZI Data      Debug   Library Name

      1198         42        580          0          0      16949   driverlib.lib
        86         16          0          0          0         68   mc_w.l

    ----------------------------------------------------------------------
      1296         58        580          0          0      17017   Library Totals

    ----------------------------------------------------------------------

==============================================================================


      Code (inc. data)   RO Data    RW Data    ZI Data      Debug   

      3260        894        660         32        640      27486   Grand Totals
      3260        894        660         32        640      27486   ELF Image Totals
      3260        894        660         32          0          0   ROM Totals

==============================================================================

    Total RO  Size (Code + RO Data)                 3920 (   3.83kB)
    Total RW  Size (RW Data + ZI Data)               672 (   0.66kB)
    Total ROM Size (Code + RO Data + RW Data)       3952 (   3.86kB)

==============================================================================

